<?xml version="1.0" encoding="UTF-8" standalone="no"?>
<!DOCTYPE log SYSTEM "logger.dtd">
<log>
<record>
  <date>2024-04-21T18:30:03.910792700Z</date>
  <millis>1713724203910</millis>
  <nanos>792700</nanos>
  <sequence>0</sequence>
  <logger>utils.ServerLogger</logger>
  <level>INFO</level>
  <class>utils.Server</class>
  <method>run</method>
  <thread>1</thread>
  <message>Starting server on port 2712</message>
</record>
<record>
  <date>2024-04-21T18:30:44.586907700Z</date>
  <millis>1713724244586</millis>
  <nanos>907700</nanos>
  <sequence>1</sequence>
  <logger>utils.ServerLogger</logger>
  <level>INFO</level>
  <class>utils.CommandManager</class>
  <method>handlePacket</method>
  <thread>1</thread>
  <message>Received command HELP from /192.168.0.8:52913</message>
</record>
<record>
  <date>2024-04-21T18:30:44.586907700Z</date>
  <millis>1713724244586</millis>
  <nanos>907700</nanos>
  <sequence>2</sequence>
  <logger>utils.ServerLogger</logger>
  <level>INFO</level>
  <class>utils.CommandManager</class>
  <method>handlePacket</method>
  <thread>1</thread>
  <message>Sending output to /192.168.0.8:52913</message>
</record>
<record>
  <date>2024-04-21T18:30:44.595372200Z</date>
  <millis>1713724244595</millis>
  <nanos>372200</nanos>
  <sequence>3</sequence>
  <logger>utils.ServerLogger</logger>
  <level>INFO</level>
  <class>utils.Parser</class>
  <method>saveToJson</method>
  <thread>1</thread>
  <message>Коллекция сохранена в файл. </message>
</record>
<record>
  <date>2024-04-21T18:30:58.907711900Z</date>
  <millis>1713724258907</millis>
  <nanos>711900</nanos>
  <sequence>4</sequence>
  <logger>utils.ServerLogger</logger>
  <level>INFO</level>
  <class>utils.CommandManager</class>
  <method>handlePacket</method>
  <thread>1</thread>
  <message>Received command HELP from /192.168.0.8:52913</message>
</record>
<record>
  <date>2024-04-21T18:30:58.907711900Z</date>
  <millis>1713724258907</millis>
  <nanos>711900</nanos>
  <sequence>5</sequence>
  <logger>utils.ServerLogger</logger>
  <level>INFO</level>
  <class>utils.CommandManager</class>
  <method>handlePacket</method>
  <thread>1</thread>
  <message>Sending output to /192.168.0.8:52913</message>
</record>
<record>
  <date>2024-04-21T18:30:58.907711900Z</date>
  <millis>1713724258907</millis>
  <nanos>711900</nanos>
  <sequence>6</sequence>
  <logger>utils.ServerLogger</logger>
  <level>INFO</level>
  <class>utils.Parser</class>
  <method>saveToJson</method>
  <thread>1</thread>
  <message>Коллекция сохранена в файл. </message>
</record>
