<?xml version="1.0" encoding="UTF-8" standalone="no"?>
<!DOCTYPE log SYSTEM "logger.dtd">
<log>
<record>
  <date>2024-05-06T05:09:18.036441500Z</date>
  <millis>1714972158036</millis>
  <nanos>441500</nanos>
  <sequence>0</sequence>
  <logger>utils.ServerLogger</logger>
  <level>INFO</level>
  <class>connectionUtils.Server</class>
  <method>run</method>
  <thread>1</thread>
  <message>Сервер запущен на порте 2712</message>
</record>
<record>
  <date>2024-05-06T05:09:45.545332300Z</date>
  <millis>1714972185545</millis>
  <nanos>332300</nanos>
  <sequence>1</sequence>
  <logger>utils.ServerLogger</logger>
  <level>INFO</level>
  <class>threadUtils.ReceiverTask</class>
  <method>run</method>
  <thread>707</thread>
  <message>Получено сообщение от /192.168.0.8 : 61817 - registration</message>
</record>
<record>
  <date>2024-05-06T05:09:47.763751800Z</date>
  <millis>1714972187763</millis>
  <nanos>751800</nanos>
  <sequence>2</sequence>
  <logger>utils.ServerLogger</logger>
  <level>INFO</level>
  <class>threadUtils.Interpreter</class>
  <method>interpret</method>
  <thread>41</thread>
  <message>Получена команда REGISTRATION от Thread[#40,Thread-8,5,main]</message>
</record>
<record>
  <date>2024-05-06T05:09:50.615455500Z</date>
  <millis>1714972190615</millis>
  <nanos>455500</nanos>
  <sequence>3</sequence>
  <logger>utils.ServerLogger</logger>
  <level>INFO</level>
  <class>threadUtils.Sender</class>
  <method>send</method>
  <thread>40</thread>
  <message>Отправляется результат на /192.168.0.8</message>
</record>
<record>
  <date>2024-05-06T05:10:17.975320400Z</date>
  <millis>1714972217975</millis>
  <nanos>320400</nanos>
  <sequence>4</sequence>
  <logger>utils.ServerLogger</logger>
  <level>INFO</level>
  <class>threadUtils.ReceiverTask</class>
  <method>run</method>
  <thread>706</thread>
  <message>Получено сообщение от /192.168.0.8 : 61817 - registration</message>
</record>
<record>
  <date>2024-05-06T05:10:18.032449800Z</date>
  <millis>1714972218032</millis>
  <nanos>449800</nanos>
  <sequence>5</sequence>
  <logger>utils.ServerLogger</logger>
  <level>INFO</level>
  <class>threadUtils.Interpreter</class>
  <method>interpret</method>
  <thread>38</thread>
  <message>Получена команда REGISTRATION от Thread[#37,Thread-5,5,main]</message>
</record>
<record>
  <date>2024-05-06T05:10:26.417205900Z</date>
  <millis>1714972226417</millis>
  <nanos>205900</nanos>
  <sequence>6</sequence>
  <logger>utils.ServerLogger</logger>
  <level>INFO</level>
  <class>threadUtils.Sender</class>
  <method>send</method>
  <thread>37</thread>
  <message>Отправляется результат на /192.168.0.8</message>
</record>
